no erors, gtfu